// Vitest Snapshot v1, https://vitest.dev/guide/snapshot.html

exports[`unit:lib/toPosix > should return posix-compliant \`path\` (0) 1`] = `"C:."`;

exports[`unit:lib/toPosix > should return posix-compliant \`path\` (1) 1`] = `"C:/"`;

exports[`unit:lib/toPosix > should return posix-compliant \`path\` (2) 1`] = `"C:"`;

exports[`unit:lib/toPosix > should return posix-compliant \`path\` (3) 1`] = `"C:/Windows/system32:C:/Windows:C:/Program Files/node/"`;

exports[`unit:lib/toPosix > should return posix-compliant \`path\` (4) 1`] = `"C:/abc"`;

exports[`unit:lib/toPosix > should return posix-compliant \`path\` (5) 1`] = `"C:/another_path/DIR/1/2/33//index"`;

exports[`unit:lib/toPosix > should return posix-compliant \`path\` (6) 1`] = `"C:/path/dir/index.html"`;

exports[`unit:lib/toPosix > should return posix-compliant \`path\` (7) 1`] = `"C:abc"`;

exports[`unit:lib/toPosix > should return posix-compliant \`path\` (8) 1`] = `"//?/UNC"`;

exports[`unit:lib/toPosix > should return posix-compliant \`path\` (9) 1`] = `"//?/UNC/server/share"`;

exports[`unit:lib/toPosix > should return posix-compliant \`path\` (10) 1`] = `"//server two/shared folder/file path.zip"`;

exports[`unit:lib/toPosix > should return posix-compliant \`path\` (11) 1`] = `"//server/share/file_path"`;

exports[`unit:lib/toPosix > should return posix-compliant \`path\` (12) 1`] = `"//user/admin$/system32"`;

exports[`unit:lib/toPosix > should return posix-compliant \`path\` (13) 1`] = `"/foo/C:"`;

exports[`unit:lib/toPosix > should return posix-compliant \`path\` (14) 1`] = `"another_path/DIR with spaces/1/2/33/index"`;

exports[`unit:lib/toPosix > should return posix-compliant \`path\` (15) 1`] = `"./file"`;

exports[`unit:lib/toPosix > should return posix-compliant \`path\` (16) 1`] = `"/"`;
