// Vitest Snapshot v1, https://vitest.dev/guide/snapshot.html

exports[`e2e:pathe > should expose public api 1`] = `
[
  "addExt",
  "basename",
  "changeExt",
  "cwd",
  "delimiter",
  "dirname",
  "dot",
  "extToValue",
  "extname",
  "extnames",
  "fileURLToPath",
  "format",
  "formatExt",
  "isAbsolute",
  "isDeviceRoot",
  "isSep",
  "isURL",
  "join",
  "matchesGlob",
  "normalize",
  "parse",
  "pathToFileURL",
  "relative",
  "removeExt",
  "resolve",
  "resolveWith",
  "root",
  "sep",
  "toNamespacedPath",
  "toPath",
  "toPosix",
  "default",
  "posix",
  "win32",
]
`;
